// Jest Snapshot v1, https://goo.gl/fbAQLP

exports[`App starting state 1`] = `
Array [
  <div
    className="titleArea"
  >
    <div
      className="titleText"
    >
      Stock Tracker
    </div>
  </div>,
  <div
    className="rangeBox"
  >
    <span
      className=""
      onClick={[Function]}
    >
      1m
    </span>
    <span
      className=""
      onClick={[Function]}
    >
      3m
    </span>
    <span
      className=""
      onClick={[Function]}
    >
      6m
    </span>
    <span
      className="selected"
      onClick={[Function]}
    >
      1y
    </span>
    <span
      className=""
      onClick={[Function]}
    >
      3y
    </span>
  </div>,
  <svg
    height={500}
    width={900}
  />,
  <div
    className="stockArea"
  >
    <form
      className="entryBox"
      onSubmit={[Function]}
    >
      <label
        htmlFor="symbolText"
      >
        Symbol:
      </label>
      <input
        className="entryText"
        id="symbolText"
        onChange={[Function]}
        type="text"
        value=""
      />
      <button
        className="entryButton"
        disabled={true}
        type="submit"
      >
        Track
      </button>
    </form>
  </div>,
  <div
    className="statusBox"
  >
    <div>
      Pending requests: 
      none
    </div>
    <div>
      Errors: 
      none
    </div>
  </div>,
]
`;
