// Jest Snapshot v1, https://goo.gl/fbAQLP

exports[`Status displays 2 errors 1`] = `[Function]`;

exports[`Status displays 2 requests 1`] = `[Function]`;

exports[`Status displays 2 requests and 2 errors 1`] = `[Function]`;

exports[`Status displays default content 1`] = `[Function]`;
