// Jest Snapshot v1, https://goo.gl/fbAQLP

exports[`Titlebar displays its content 1`] = `
<div
  className="titleArea"
>
  <div
    className="titleText"
  >
    Stock Tracker
  </div>
</div>
`;
