// Jest Snapshot v1, https://goo.gl/fbAQLP

exports[`Stock displays its content 1`] = `
<div
  style={
    Object {
      "border": "1px solid darkgray",
      "display": "flex",
      "height": "68px",
      "margin": "8px 8px 16px 0",
      "width": "200px",
    }
  }
>
  <div
    style={
      Object {
        "backgroundColor": "#0000ff",
        "height": "100%",
        "width": "10px",
      }
    }
  />
  <div
    style={
      Object {
        "height": "100%",
        "padding": "4px",
        "width": "100%",
      }
    }
  >
    <div
      style={
        Object {
          "fontSize": "24px",
        }
      }
    >
      GE
    </div>
    <div
      style={
        Object {
          "fontSize": "16px",
        }
      }
    >
      General Electric
    </div>
  </div>
  <div
    id="stock-remove"
    onClick={[Function]}
    style={
      Object {
        "color": "red",
        "cursor": "pointer",
        "textAlign": "center",
      }
    }
  >
    X
  </div>
</div>
`;
